// Jest Snapshot v1, https://goo.gl/fbAQLP

exports[`RouteEditor component render RouteEditor 1`] = `
initialize {
  "0": Object {
    "attribs": Object {
      "class": "route-editor",
    },
    "children": Array [
      Object {
        "attribs": Object {
          "class": "back-button",
          "href": "/",
        },
        "children": Array [
          Object {
            "data": "Назад",
            "next": null,
            "parent": [Circular],
            "prev": null,
            "type": "text",
          },
        ],
        "name": "a",
        "namespace": "http://www.w3.org/1999/xhtml",
        "next": Object {
          "attribs": Object {
            "class": "route-editor__content",
          },
          "children": Array [
            Object {
              "attribs": Object {
                "class": "loadingElement",
                "style": "height: 100%;",
              },
              "children": Array [],
              "name": "div",
              "namespace": "http://www.w3.org/1999/xhtml",
              "next": null,
              "parent": [Circular],
              "prev": null,
              "type": "tag",
              "x-attribsNamespace": Object {
                "class": undefined,
                "style": undefined,
              },
              "x-attribsPrefix": Object {
                "class": undefined,
                "style": undefined,
              },
            },
          ],
          "name": "div",
          "namespace": "http://www.w3.org/1999/xhtml",
          "next": null,
          "parent": [Circular],
          "prev": [Circular],
          "type": "tag",
          "x-attribsNamespace": Object {
            "class": undefined,
          },
          "x-attribsPrefix": Object {
            "class": undefined,
          },
        },
        "parent": [Circular],
        "prev": null,
        "type": "tag",
        "x-attribsNamespace": Object {
          "class": undefined,
          "href": undefined,
        },
        "x-attribsPrefix": Object {
          "class": undefined,
          "href": undefined,
        },
      },
      Object {
        "attribs": Object {
          "class": "route-editor__content",
        },
        "children": Array [
          Object {
            "attribs": Object {
              "class": "loadingElement",
              "style": "height: 100%;",
            },
            "children": Array [],
            "name": "div",
            "namespace": "http://www.w3.org/1999/xhtml",
            "next": null,
            "parent": [Circular],
            "prev": null,
            "type": "tag",
            "x-attribsNamespace": Object {
              "class": undefined,
              "style": undefined,
            },
            "x-attribsPrefix": Object {
              "class": undefined,
              "style": undefined,
            },
          },
        ],
        "name": "div",
        "namespace": "http://www.w3.org/1999/xhtml",
        "next": null,
        "parent": [Circular],
        "prev": Object {
          "attribs": Object {
            "class": "back-button",
            "href": "/",
          },
          "children": Array [
            Object {
              "data": "Назад",
              "next": null,
              "parent": [Circular],
              "prev": null,
              "type": "text",
            },
          ],
          "name": "a",
          "namespace": "http://www.w3.org/1999/xhtml",
          "next": [Circular],
          "parent": [Circular],
          "prev": null,
          "type": "tag",
          "x-attribsNamespace": Object {
            "class": undefined,
            "href": undefined,
          },
          "x-attribsPrefix": Object {
            "class": undefined,
            "href": undefined,
          },
        },
        "type": "tag",
        "x-attribsNamespace": Object {
          "class": undefined,
        },
        "x-attribsPrefix": Object {
          "class": undefined,
        },
      },
    ],
    "name": "div",
    "namespace": "http://www.w3.org/1999/xhtml",
    "next": null,
    "parent": null,
    "prev": null,
    "root": Object {
      "attribs": Object {},
      "children": Array [
        [Circular],
      ],
      "name": "root",
      "namespace": "http://www.w3.org/1999/xhtml",
      "next": null,
      "parent": null,
      "prev": null,
      "type": "root",
      "x-attribsNamespace": Object {},
      "x-attribsPrefix": Object {},
    },
    "type": "tag",
    "x-attribsNamespace": Object {
      "class": undefined,
    },
    "x-attribsPrefix": Object {
      "class": undefined,
    },
  },
  "_root": [Circular],
  "length": 1,
  "options": Object {
    "decodeEntities": true,
    "normalizeWhitespace": false,
    "withDomLvl1": true,
    "xml": false,
  },
}
`;
